<?xml version="1.0" encoding="utf-8"?>
<TestRun id="fcafe4c2-6981-4e51-8a2e-5d0400ffdcc8" name="seiji_yfc8940@SAGESOHO01 2025-09-14 20:56:16" runUser="SAGESOHO01\seiji_yfc8940" xmlns="http://microsoft.com/schemas/VisualStudio/TeamTest/2010">
  <Times creation="2025-09-14T20:56:16.5401035+09:00" queuing="2025-09-14T20:56:16.5401039+09:00" start="2025-09-14T20:51:40.2183678+09:00" finish="2025-09-14T20:56:16.5647051+09:00" />
  <TestSettings name="default" id="1acae70d-8649-40f2-959f-8648dbb0fd38">
    <Deployment runDeploymentRoot="seiji_yfc8940_SAGESOHO01_2025-09-14_20_56_16" />
  </TestSettings>
  <Results>
    <UnitTestResult executionId="22e35fb1-9cb8-48f8-aaf5-c7f1cfb3da3b" testId="d4f95360-fa20-03e1-5810-a5fd78838e0d" testName="Kafka.Ksql.Linq.Tests.Integration.TimeBucketImportTumblingTests.Import_Ticks_Define_Tumbling_Query_Then_Extract_Bars_Via_TimeBucket" computerName="SAGESOHO01" duration="00:04:35.8113174" startTime="2025-09-14T20:56:16.5130214+09:00" endTime="2025-09-14T20:56:16.5130316+09:00" testType="13cdc9d9-ddb5-4fa4-a97d-d965ccfc6d4b" outcome="Failed" testListId="8c84fa94-04c1-424b-9868-57a2d4851a1d" relativeResultsDirectory="22e35fb1-9cb8-48f8-aaf5-c7f1cfb3da3b">
      <Output>
        <ErrorInfo>
          <Message>System.TimeoutException : bar_1m_live/bar_5m_live not ready within timeout</Message>
          <StackTrace>   at Kafka.Ksql.Linq.Tests.Integration.TimeBucketImportTumblingTests.WaitTablesReadyAsync(Uri baseUrl, TimeSpan timeout) in C:\dev\rc02\physicalTests\OssSamples\TimeBucketImportTumblingTests.cs:line 278&#xD;
   at Kafka.Ksql.Linq.Tests.Integration.TimeBucketImportTumblingTests.Import_Ticks_Define_Tumbling_Query_Then_Extract_Bars_Via_TimeBucket() in C:\dev\rc02\physicalTests\OssSamples\TimeBucketImportTumblingTests.cs:line 184&#xD;
--- End of stack trace from previous location ---</StackTrace>
        </ErrorInfo>
      </Output>
    </UnitTestResult>
  </Results>
  <TestDefinitions>
    <UnitTest name="Kafka.Ksql.Linq.Tests.Integration.TimeBucketImportTumblingTests.Import_Ticks_Define_Tumbling_Query_Then_Extract_Bars_Via_TimeBucket" storage="c:\dev\rc02\physicaltests\bin\release\net8.0\kafka.ksql.linq.tests.integration.dll" id="d4f95360-fa20-03e1-5810-a5fd78838e0d">
      <Execution id="22e35fb1-9cb8-48f8-aaf5-c7f1cfb3da3b" />
      <TestMethod codeBase="C:\dev\rc02\physicalTests\bin\Release\net8.0\Kafka.Ksql.Linq.Tests.Integration.dll" adapterTypeName="executor://xunit/VsTestRunner2/netcoreapp" className="Kafka.Ksql.Linq.Tests.Integration.TimeBucketImportTumblingTests" name="Import_Ticks_Define_Tumbling_Query_Then_Extract_Bars_Via_TimeBucket" />
    </UnitTest>
  </TestDefinitions>
  <TestEntries>
    <TestEntry testId="d4f95360-fa20-03e1-5810-a5fd78838e0d" executionId="22e35fb1-9cb8-48f8-aaf5-c7f1cfb3da3b" testListId="8c84fa94-04c1-424b-9868-57a2d4851a1d" />
  </TestEntries>
  <TestLists>
    <TestList name="一覧に存在しない結果" id="8c84fa94-04c1-424b-9868-57a2d4851a1d" />
    <TestList name="読み込まれたすべての結果" id="19431567-8539-422a-85d7-44ee4e166bda" />
  </TestLists>
  <ResultSummary outcome="Failed">
    <Counters total="1" executed="1" passed="0" failed="1" error="0" timeout="0" aborted="0" inconclusive="0" passedButRunAborted="0" notRunnable="0" notExecuted="0" disconnected="0" warning="0" completed="0" inProgress="0" pending="0" />
    <Output>
      <StdOut>[xUnit.net 00:00:00.00] xUnit.net VSTest Adapter v2.5.6+bf9b858c26 (64-bit .NET 8.0.19)&#xD;
[xUnit.net 00:00:00.07]   Discovering: Kafka.Ksql.Linq.Tests.Integration&#xD;
[xUnit.net 00:00:00.12]   Discovered:  Kafka.Ksql.Linq.Tests.Integration&#xD;
[xUnit.net 00:00:00.12]   Starting:    Kafka.Ksql.Linq.Tests.Integration&#xD;
info: Kafka.Ksql.Linq.KsqlContext[0]&#xD;
      ksql execute: EXECUTE SQL=SHOW TOPICS;&#xD;
info: Kafka.Ksql.Linq.KsqlContext[0]&#xD;
      KSQL DDL (simple DlqEnvelope): CREATE STREAM IF NOT EXISTS dead_letter_queue (`Topic` VARCHAR KEY, `Partition` INT KEY, `Offset` BIGINT KEY, TimestampUtc VARCHAR, IngestedAtUtc VARCHAR, PayloadFormatKey VARCHAR, PayloadFormatValue VARCHAR, SchemaIdKey VARCHAR, SchemaIdValue VARCHAR, KeyIsNull BOOLEAN, ErrorType VARCHAR, ErrorMessageShort VARCHAR, StackTraceShort VARCHAR, ErrorFingerprint VARCHAR, ApplicationId VARCHAR, ConsumerGroup VARCHAR, Host VARCHAR, Headers MAP&lt;STRING, STRING&gt;) WITH (KAFKA_TOPIC='dead-letter-queue', KEY_FORMAT='AVRO', VALUE_FORMAT='AVRO', VALUE_AVRO_SCHEMA_FULL_NAME='kafka_ksql_linq_messaging.dead_letter_queue_valueAvro', PARTITIONS=1, REPLICAS=1);&#xD;
info: Kafka.Ksql.Linq.KsqlContext[0]&#xD;
      ksql execute: EXECUTE SQL=CREATE STREAM IF NOT EXISTS dead_letter_queue (`Topic` VARCHAR KEY, `Partition` INT KEY, `Offset` BIGINT KEY, TimestampU...&#xD;
info: Kafka.Ksql.Linq.KsqlContext[0]&#xD;
      ksql execute: EXECUTE SQL=DESCRIBE EXTENDED DEAD-LETTER-QUEUE;&#xD;
info: Kafka.Ksql.Linq.KsqlContext[0]&#xD;
      ksql execute: EXECUTE SQL=DESCRIBE EXTENDED DEAD-LETTER-QUEUE;&#xD;
info: Kafka.Ksql.Linq.KsqlContext[0]&#xD;
      ksql execute: EXECUTE SQL=DESCRIBE EXTENDED DEAD-LETTER-QUEUE;&#xD;
info: Kafka.Ksql.Linq.KsqlContext[0]&#xD;
      ksql execute: EXECUTE SQL=DESCRIBE EXTENDED DEAD-LETTER-QUEUE;&#xD;
info: Kafka.Ksql.Linq.KsqlContext[0]&#xD;
      ksql execute: EXECUTE SQL=DESCRIBE EXTENDED DEAD-LETTER-QUEUE;&#xD;
info: Kafka.Ksql.Linq.KsqlContext[0]&#xD;
      ksql execute: EXECUTE SQL=DESCRIBE EXTENDED DEAD-LETTER-QUEUE;&#xD;
info: Kafka.Ksql.Linq.KsqlContext[0]&#xD;
      ksql execute: EXECUTE SQL=DESCRIBE EXTENDED DEAD-LETTER-QUEUE;&#xD;
info: Kafka.Ksql.Linq.KsqlContext[0]&#xD;
      ksql execute: EXECUTE SQL=DESCRIBE EXTENDED DEAD-LETTER-QUEUE;&#xD;
info: Kafka.Ksql.Linq.KsqlContext[0]&#xD;
      ksql execute: EXECUTE SQL=DESCRIBE EXTENDED DEAD-LETTER-QUEUE;&#xD;
info: Kafka.Ksql.Linq.KsqlContext[0]&#xD;
      ksql execute: EXECUTE SQL=DESCRIBE EXTENDED DEAD-LETTER-QUEUE;&#xD;
info: Kafka.Ksql.Linq.KsqlContext[0]&#xD;
      ksql execute: EXECUTE SQL=DESCRIBE EXTENDED DEAD-LETTER-QUEUE;&#xD;
info: Kafka.Ksql.Linq.KsqlContext[0]&#xD;
      ksql execute: EXECUTE SQL=DESCRIBE EXTENDED DEAD-LETTER-QUEUE;&#xD;
info: Kafka.Ksql.Linq.KsqlContext[0]&#xD;
      ksql execute: EXECUTE SQL=DESCRIBE EXTENDED DEAD-LETTER-QUEUE;&#xD;
info: Kafka.Ksql.Linq.KsqlContext[0]&#xD;
      ksql execute: EXECUTE SQL=DESCRIBE EXTENDED DEAD-LETTER-QUEUE;&#xD;
info: Kafka.Ksql.Linq.KsqlContext[0]&#xD;
      ksql execute: EXECUTE SQL=DESCRIBE EXTENDED DEAD-LETTER-QUEUE;&#xD;
info: Kafka.Ksql.Linq.KsqlContext[0]&#xD;
      ksql execute: EXECUTE SQL=DESCRIBE EXTENDED DEAD-LETTER-QUEUE;&#xD;
info: Kafka.Ksql.Linq.KsqlContext[0]&#xD;
      ksql execute: EXECUTE SQL=DESCRIBE EXTENDED DEAD-LETTER-QUEUE;&#xD;
info: Kafka.Ksql.Linq.KsqlContext[0]&#xD;
      ksql execute: EXECUTE SQL=DESCRIBE EXTENDED DEAD-LETTER-QUEUE;&#xD;
info: Kafka.Ksql.Linq.KsqlContext[0]&#xD;
      ksql execute: EXECUTE SQL=DESCRIBE EXTENDED DEAD-LETTER-QUEUE;&#xD;
info: Kafka.Ksql.Linq.KsqlContext[0]&#xD;
      ksql execute: EXECUTE SQL=DESCRIBE EXTENDED DEAD-LETTER-QUEUE;&#xD;
info: Kafka.Ksql.Linq.KsqlContext[0]&#xD;
      ksql execute: EXECUTE SQL=DESCRIBE EXTENDED DEAD-LETTER-QUEUE;&#xD;
info: Kafka.Ksql.Linq.KsqlContext[0]&#xD;
      ksql execute: EXECUTE SQL=DESCRIBE EXTENDED DEAD-LETTER-QUEUE;&#xD;
info: Kafka.Ksql.Linq.KsqlContext[0]&#xD;
      ksql execute: EXECUTE SQL=DESCRIBE EXTENDED DEAD-LETTER-QUEUE;&#xD;
info: Kafka.Ksql.Linq.KsqlContext[0]&#xD;
      ksql execute: EXECUTE SQL=DESCRIBE EXTENDED DEAD-LETTER-QUEUE;&#xD;
info: Kafka.Ksql.Linq.KsqlContext[0]&#xD;
      ksql execute: EXECUTE SQL=SHOW TOPICS;&#xD;
info: Kafka.Ksql.Linq.KsqlContext[0]&#xD;
      KSQL DDL (simple Tick): CREATE STREAM IF NOT EXISTS ticks (Broker VARCHAR KEY, Symbol VARCHAR KEY, TimestampUtc TIMESTAMP, Bid DECIMAL(18, 2)) WITH (KAFKA_TOPIC='ticks', KEY_FORMAT='AVRO', VALUE_FORMAT='AVRO', VALUE_AVRO_SCHEMA_FULL_NAME='kafka_ksql_linq_tests_integration.ticks_valueAvro', PARTITIONS=1, REPLICAS=1);&#xD;
info: Kafka.Ksql.Linq.KsqlContext[0]&#xD;
      ksql execute: EXECUTE SQL=CREATE STREAM IF NOT EXISTS ticks (Broker VARCHAR KEY, Symbol VARCHAR KEY, TimestampUtc TIMESTAMP, Bid DECIMAL(18, 2)) W...&#xD;
info: Kafka.Ksql.Linq.KsqlContext[0]&#xD;
      ksql execute: EXECUTE SQL=DESCRIBE EXTENDED TICKS;&#xD;
info: Kafka.Ksql.Linq.KsqlContext[0]&#xD;
      ksql execute: EXECUTE SQL=DESCRIBE EXTENDED TICKS;&#xD;
info: Kafka.Ksql.Linq.KsqlContext[0]&#xD;
      ksql execute: EXECUTE SQL=DESCRIBE EXTENDED TICKS;&#xD;
info: Kafka.Ksql.Linq.KsqlContext[0]&#xD;
      ksql execute: EXECUTE SQL=DESCRIBE EXTENDED TICKS;&#xD;
info: Kafka.Ksql.Linq.KsqlContext[0]&#xD;
      ksql execute: EXECUTE SQL=DESCRIBE EXTENDED TICKS;&#xD;
info: Kafka.Ksql.Linq.KsqlContext[0]&#xD;
      ksql execute: EXECUTE SQL=DESCRIBE EXTENDED TICKS;&#xD;
info: Kafka.Ksql.Linq.KsqlContext[0]&#xD;
      ksql execute: EXECUTE SQL=DESCRIBE EXTENDED TICKS;&#xD;
info: Kafka.Ksql.Linq.KsqlContext[0]&#xD;
      ksql execute: EXECUTE SQL=DESCRIBE EXTENDED TICKS;&#xD;
info: Kafka.Ksql.Linq.KsqlContext[0]&#xD;
      ksql execute: EXECUTE SQL=DESCRIBE EXTENDED TICKS;&#xD;
info: Kafka.Ksql.Linq.KsqlContext[0]&#xD;
      ksql execute: EXECUTE SQL=DESCRIBE EXTENDED TICKS;&#xD;
info: Kafka.Ksql.Linq.KsqlContext[0]&#xD;
      ksql execute: EXECUTE SQL=DESCRIBE EXTENDED TICKS;&#xD;
info: Kafka.Ksql.Linq.KsqlContext[0]&#xD;
      ksql execute: EXECUTE SQL=DESCRIBE EXTENDED TICKS;&#xD;
info: Kafka.Ksql.Linq.KsqlContext[0]&#xD;
      ksql execute: EXECUTE SQL=DESCRIBE EXTENDED TICKS;&#xD;
info: Kafka.Ksql.Linq.KsqlContext[0]&#xD;
      ksql execute: EXECUTE SQL=DESCRIBE EXTENDED TICKS;&#xD;
info: Kafka.Ksql.Linq.KsqlContext[0]&#xD;
      ksql execute: EXECUTE SQL=DESCRIBE EXTENDED TICKS;&#xD;
info: Kafka.Ksql.Linq.KsqlContext[0]&#xD;
      ksql execute: EXECUTE SQL=DESCRIBE EXTENDED TICKS;&#xD;
info: Kafka.Ksql.Linq.KsqlContext[0]&#xD;
      ksql execute: EXECUTE SQL=DESCRIBE EXTENDED TICKS;&#xD;
info: Kafka.Ksql.Linq.KsqlContext[0]&#xD;
      ksql execute: EXECUTE SQL=DESCRIBE EXTENDED TICKS;&#xD;
info: Kafka.Ksql.Linq.KsqlContext[0]&#xD;
      ksql execute: EXECUTE SQL=DESCRIBE EXTENDED TICKS;&#xD;
info: Kafka.Ksql.Linq.KsqlContext[0]&#xD;
      ksql execute: EXECUTE SQL=DESCRIBE EXTENDED TICKS;&#xD;
info: Kafka.Ksql.Linq.KsqlContext[0]&#xD;
      ksql execute: EXECUTE SQL=DESCRIBE EXTENDED TICKS;&#xD;
info: Kafka.Ksql.Linq.KsqlContext[0]&#xD;
      ksql execute: EXECUTE SQL=DESCRIBE EXTENDED TICKS;&#xD;
info: Kafka.Ksql.Linq.KsqlContext[0]&#xD;
      ksql execute: EXECUTE SQL=DESCRIBE EXTENDED TICKS;&#xD;
info: Kafka.Ksql.Linq.KsqlContext[0]&#xD;
      ksql execute: EXECUTE SQL=DESCRIBE EXTENDED TICKS;&#xD;
info: Kafka.Ksql.Linq.KsqlContext[0]&#xD;
      KSQL DDL (derived bar_1s_final_s): CREATE STREAM bar_1s_final_s WITH (KAFKA_TOPIC='bar_1s_final_s', KEY_FORMAT='AVRO', VALUE_FORMAT='AVRO') AS&#xD;
      SELECT *&#xD;
      FROM ticks o&#xD;
      EMIT CHANGES;&#xD;
info: Kafka.Ksql.Linq.KsqlContext[0]&#xD;
      ksql execute: EXECUTE SQL=CREATE STREAM bar_1s_final_s WITH (KAFKA_TOPIC='bar_1s_final_s', KEY_FORMAT='AVRO', VALUE_FORMAT='AVRO') AS  SELECT *  F...&#xD;
info: Kafka.Ksql.Linq.KsqlContext[0]&#xD;
      KSQL DDL (derived bar_1s_final): CREATE TABLE bar_1s_final WITH (KAFKA_TOPIC='bar_1s_final', KEY_FORMAT='AVRO', VALUE_FORMAT='AVRO') AS&#xD;
      SELECT BROKER AS Broker, SYMBOL AS Symbol, WINDOWSTART AS BucketStart, EARLIEST_BY_OFFSET(Bid) AS Open, MAX(Bid) AS High, MIN(Bid) AS Low, LATEST_BY_OFFSET(Bid) AS Close&#xD;
      FROM bar_1s_final_s o WINDOW TUMBLING (SIZE 1 MINUTES)&#xD;
      GROUP BY BROKER, SYMBOL&#xD;
      EMIT FINAL;&#xD;
info: Kafka.Ksql.Linq.KsqlContext[0]&#xD;
      ksql execute: EXECUTE SQL=CREATE TABLE bar_1s_final WITH (KAFKA_TOPIC='bar_1s_final', KEY_FORMAT='AVRO', VALUE_FORMAT='AVRO') AS  SELECT BROKER AS...&#xD;
info: Kafka.Ksql.Linq.KsqlContext[0]&#xD;
      KSQL DDL (derived bar_1m_live): CREATE TABLE bar_1m_live WITH (KAFKA_TOPIC='bar_1m_live', KEY_FORMAT='AVRO', VALUE_FORMAT='AVRO') AS&#xD;
      SELECT BROKER AS Broker, SYMBOL AS Symbol, WINDOWSTART AS BucketStart, EARLIEST_BY_OFFSET(Bid) AS Open, MAX(Bid) AS High, MIN(Bid) AS Low, LATEST_BY_OFFSET(Bid) AS Close&#xD;
      FROM bar_1s_final_s o WINDOW TUMBLING (SIZE 1 MINUTES)&#xD;
      GROUP BY BROKER, SYMBOL&#xD;
      EMIT CHANGES;&#xD;
info: Kafka.Ksql.Linq.KsqlContext[0]&#xD;
      ksql execute: EXECUTE SQL=CREATE TABLE bar_1m_live WITH (KAFKA_TOPIC='bar_1m_live', KEY_FORMAT='AVRO', VALUE_FORMAT='AVRO') AS  SELECT BROKER AS B...&#xD;
info: Kafka.Ksql.Linq.KsqlContext[0]&#xD;
      KSQL DDL (derived bar_5m_live): CREATE TABLE bar_5m_live WITH (KAFKA_TOPIC='bar_5m_live', KEY_FORMAT='AVRO', VALUE_FORMAT='AVRO') AS&#xD;
      SELECT BROKER AS Broker, SYMBOL AS Symbol, WINDOWSTART AS BucketStart, EARLIEST_BY_OFFSET(Bid) AS Open, MAX(Bid) AS High, MIN(Bid) AS Low, LATEST_BY_OFFSET(Bid) AS Close&#xD;
      FROM bar_1s_final_s o WINDOW TUMBLING (SIZE 5 MINUTES)&#xD;
      GROUP BY BROKER, SYMBOL&#xD;
      EMIT CHANGES;&#xD;
info: Kafka.Ksql.Linq.KsqlContext[0]&#xD;
      ksql execute: EXECUTE SQL=CREATE TABLE bar_5m_live WITH (KAFKA_TOPIC='bar_5m_live', KEY_FORMAT='AVRO', VALUE_FORMAT='AVRO') AS  SELECT BROKER AS B...&#xD;
info: Kafka.Ksql.Linq.KsqlContext[0]&#xD;
      ksql execute: EXECUTE SQL=SHOW QUERIES;&#xD;
info: Kafka.Ksql.Linq.KsqlContext[0]&#xD;
      ksql execute: EXECUTE SQL=SHOW QUERIES;&#xD;
info: Kafka.Ksql.Linq.KsqlContext[0]&#xD;
      ksql execute: EXECUTE SQL=SHOW QUERIES;&#xD;
info: Kafka.Ksql.Linq.KsqlContext[0]&#xD;
      ksql execute: EXECUTE SQL=SHOW QUERIES;&#xD;
info: Kafka.Ksql.Linq.KsqlContext[0]&#xD;
      ksql execute: EXECUTE SQL=SHOW QUERIES;&#xD;
info: Kafka.Ksql.Linq.KsqlContext[0]&#xD;
      ksql execute: EXECUTE SQL=SHOW QUERIES;&#xD;
info: Kafka.Ksql.Linq.KsqlContext[0]&#xD;
      ksql execute: EXECUTE SQL=SHOW QUERIES;&#xD;
info: Kafka.Ksql.Linq.KsqlContext[0]&#xD;
      ksql execute: EXECUTE SQL=SHOW QUERIES;&#xD;
info: Kafka.Ksql.Linq.KsqlContext[0]&#xD;
      ksql execute: EXECUTE SQL=SHOW QUERIES;&#xD;
info: Kafka.Ksql.Linq.KsqlContext[0]&#xD;
      ksql execute: EXECUTE SQL=SHOW QUERIES;&#xD;
info: Kafka.Ksql.Linq.KsqlContext[0]&#xD;
      ksql execute: EXECUTE SQL=SHOW QUERIES;&#xD;
info: Kafka.Ksql.Linq.KsqlContext[0]&#xD;
      ksql execute: EXECUTE SQL=SHOW QUERIES;&#xD;
info: Kafka.Ksql.Linq.KsqlContext[0]&#xD;
      ksql execute: EXECUTE SQL=SHOW QUERIES;&#xD;
info: Kafka.Ksql.Linq.KsqlContext[0]&#xD;
      ksql execute: EXECUTE SQL=SHOW QUERIES;&#xD;
info: Kafka.Ksql.Linq.KsqlContext[0]&#xD;
      ksql execute: EXECUTE SQL=SHOW QUERIES;&#xD;
info: Kafka.Ksql.Linq.KsqlContext[0]&#xD;
      ksql execute: EXECUTE SQL=SHOW QUERIES;&#xD;
info: Kafka.Ksql.Linq.KsqlContext[0]&#xD;
      ksql execute: EXECUTE SQL=SHOW QUERIES;&#xD;
info: Kafka.Ksql.Linq.KsqlContext[0]&#xD;
      ksql execute: EXECUTE SQL=SHOW QUERIES;&#xD;
info: Kafka.Ksql.Linq.KsqlContext[0]&#xD;
      ksql execute: EXECUTE SQL=SHOW QUERIES;&#xD;
info: Kafka.Ksql.Linq.KsqlContext[0]&#xD;
      ksql execute: EXECUTE SQL=SHOW QUERIES;&#xD;
info: Kafka.Ksql.Linq.KsqlContext[0]&#xD;
      ksql execute: EXECUTE SQL=SHOW QUERIES;&#xD;
info: Kafka.Ksql.Linq.KsqlContext[0]&#xD;
      ksql execute: EXECUTE SQL=SHOW QUERIES;&#xD;
info: Kafka.Ksql.Linq.KsqlContext[0]&#xD;
      ksql execute: EXECUTE SQL=SHOW QUERIES;&#xD;
info: Kafka.Ksql.Linq.KsqlContext[0]&#xD;
      ksql execute: EXECUTE SQL=SHOW QUERIES;&#xD;
info: Kafka.Ksql.Linq.KsqlContext[0]&#xD;
      ksql execute: EXECUTE SQL=SHOW QUERIES;&#xD;
info: Kafka.Ksql.Linq.KsqlContext[0]&#xD;
      ksql execute: EXECUTE SQL=SHOW QUERIES;&#xD;
info: Kafka.Ksql.Linq.KsqlContext[0]&#xD;
      ksql execute: EXECUTE SQL=SHOW QUERIES;&#xD;
info: Kafka.Ksql.Linq.KsqlContext[0]&#xD;
      ksql execute: EXECUTE SQL=SHOW QUERIES;&#xD;
info: Kafka.Ksql.Linq.KsqlContext[0]&#xD;
      ksql execute: EXECUTE SQL=SHOW QUERIES;&#xD;
info: Kafka.Ksql.Linq.KsqlContext[0]&#xD;
      ksql execute: EXECUTE SQL=SHOW QUERIES;&#xD;
info: Kafka.Ksql.Linq.KsqlContext[0]&#xD;
      ksql execute: EXECUTE SQL=SHOW QUERIES;&#xD;
info: Kafka.Ksql.Linq.KsqlContext[0]&#xD;
      ksql execute: EXECUTE SQL=SHOW QUERIES;&#xD;
info: Kafka.Ksql.Linq.KsqlContext[0]&#xD;
      ksql execute: EXECUTE SQL=SHOW QUERIES;&#xD;
info: Kafka.Ksql.Linq.KsqlContext[0]&#xD;
      ksql execute: EXECUTE SQL=SHOW QUERIES;&#xD;
info: Kafka.Ksql.Linq.KsqlContext[0]&#xD;
      ksql execute: EXECUTE SQL=SHOW QUERIES;&#xD;
info: Kafka.Ksql.Linq.KsqlContext[0]&#xD;
      ksql execute: EXECUTE SQL=SHOW QUERIES;&#xD;
info: Kafka.Ksql.Linq.KsqlContext[0]&#xD;
      ksql execute: EXECUTE SQL=SHOW QUERIES;&#xD;
info: Kafka.Ksql.Linq.KsqlContext[0]&#xD;
      ksql execute: EXECUTE SQL=SHOW QUERIES;&#xD;
info: Kafka.Ksql.Linq.KsqlContext[0]&#xD;
      ksql execute: EXECUTE SQL=SHOW QUERIES;&#xD;
info: Kafka.Ksql.Linq.KsqlContext[0]&#xD;
      ksql execute: EXECUTE SQL=SHOW QUERIES;&#xD;
info: Kafka.Ksql.Linq.KsqlContext[0]&#xD;
      ksql execute: EXECUTE SQL=SHOW QUERIES;&#xD;
info: Kafka.Ksql.Linq.KsqlContext[0]&#xD;
      ksql execute: EXECUTE SQL=SHOW QUERIES;&#xD;
info: Kafka.Ksql.Linq.KsqlContext[0]&#xD;
      ksql execute: EXECUTE SQL=SHOW QUERIES;&#xD;
info: Kafka.Ksql.Linq.KsqlContext[0]&#xD;
      ksql execute: EXECUTE SQL=SHOW QUERIES;&#xD;
info: Kafka.Ksql.Linq.KsqlContext[0]&#xD;
      ksql execute: EXECUTE SQL=SHOW QUERIES;&#xD;
info: Kafka.Ksql.Linq.KsqlContext[0]&#xD;
      ksql execute: EXECUTE SQL=SHOW QUERIES;&#xD;
info: Kafka.Ksql.Linq.KsqlContext[0]&#xD;
      ksql execute: EXECUTE SQL=SHOW QUERIES;&#xD;
info: Kafka.Ksql.Linq.KsqlContext[0]&#xD;
      ksql execute: EXECUTE SQL=SHOW QUERIES;&#xD;
info: Kafka.Ksql.Linq.KsqlContext[0]&#xD;
      ksql execute: EXECUTE SQL=SHOW QUERIES;&#xD;
info: Kafka.Ksql.Linq.KsqlContext[0]&#xD;
      ksql execute: EXECUTE SQL=SHOW QUERIES;&#xD;
info: Kafka.Ksql.Linq.KsqlContext[0]&#xD;
      ksql execute: EXECUTE SQL=SHOW QUERIES;&#xD;
info: Kafka.Ksql.Linq.KsqlContext[0]&#xD;
      ksql execute: EXECUTE SQL=SHOW QUERIES;&#xD;
info: Kafka.Ksql.Linq.KsqlContext[0]&#xD;
      ksql execute: EXECUTE SQL=SHOW QUERIES;&#xD;
info: Kafka.Ksql.Linq.KsqlContext[0]&#xD;
      ksql execute: EXECUTE SQL=SHOW QUERIES;&#xD;
info: Kafka.Ksql.Linq.KsqlContext[0]&#xD;
      ksql execute: EXECUTE SQL=SHOW QUERIES;&#xD;
info: Kafka.Ksql.Linq.KsqlContext[0]&#xD;
      ksql execute: EXECUTE SQL=SHOW QUERIES;&#xD;
info: Kafka.Ksql.Linq.KsqlContext[0]&#xD;
      ksql execute: EXECUTE SQL=SHOW QUERIES;&#xD;
info: Kafka.Ksql.Linq.KsqlContext[0]&#xD;
      ksql execute: EXECUTE SQL=SHOW QUERIES;&#xD;
info: Kafka.Ksql.Linq.KsqlContext[0]&#xD;
      ksql execute: EXECUTE SQL=SHOW QUERIES;&#xD;
info: Kafka.Ksql.Linq.KsqlContext[0]&#xD;
      ksql execute: EXECUTE SQL=SHOW QUERIES;&#xD;
info: Kafka.Ksql.Linq.KsqlContext[0]&#xD;
      ksql execute: EXECUTE SQL=SHOW QUERIES;&#xD;
info: Kafka.Ksql.Linq.KsqlContext[0]&#xD;
      ksql execute: EXECUTE SQL=SHOW QUERIES;&#xD;
info: Kafka.Ksql.Linq.KsqlContext[0]&#xD;
      ksql execute: EXECUTE SQL=SHOW QUERIES;&#xD;
info: Kafka.Ksql.Linq.KsqlContext[0]&#xD;
      ksql execute: EXECUTE SQL=SHOW QUERIES;&#xD;
info: Kafka.Ksql.Linq.KsqlContext[0]&#xD;
      ksql execute: EXECUTE SQL=SHOW QUERIES;&#xD;
info: Kafka.Ksql.Linq.KsqlContext[0]&#xD;
      ksql execute: EXECUTE SQL=SHOW QUERIES;&#xD;
info: Kafka.Ksql.Linq.KsqlContext[0]&#xD;
      ksql execute: EXECUTE SQL=SHOW QUERIES;&#xD;
info: Kafka.Ksql.Linq.KsqlContext[0]&#xD;
      ksql execute: EXECUTE SQL=SHOW QUERIES;&#xD;
info: Kafka.Ksql.Linq.KsqlContext[0]&#xD;
      ksql execute: EXECUTE SQL=SHOW QUERIES;&#xD;
info: Kafka.Ksql.Linq.KsqlContext[0]&#xD;
      ksql execute: EXECUTE SQL=SHOW QUERIES;&#xD;
info: Kafka.Ksql.Linq.KsqlContext[0]&#xD;
      ksql execute: EXECUTE SQL=SHOW QUERIES;&#xD;
info: Kafka.Ksql.Linq.KsqlContext[0]&#xD;
      ksql execute: EXECUTE SQL=SHOW QUERIES;&#xD;
info: Kafka.Ksql.Linq.KsqlContext[0]&#xD;
      ksql execute: EXECUTE SQL=SHOW QUERIES;&#xD;
info: Kafka.Ksql.Linq.KsqlContext[0]&#xD;
      ksql execute: EXECUTE SQL=SHOW QUERIES;&#xD;
info: Kafka.Ksql.Linq.KsqlContext[0]&#xD;
      ksql execute: EXECUTE SQL=SHOW QUERIES;&#xD;
info: Kafka.Ksql.Linq.KsqlContext[0]&#xD;
      ksql execute: EXECUTE SQL=SHOW QUERIES;&#xD;
info: Kafka.Ksql.Linq.KsqlContext[0]&#xD;
      ksql execute: EXECUTE SQL=SHOW QUERIES;&#xD;
info: Kafka.Ksql.Linq.KsqlContext[0]&#xD;
      ksql execute: EXECUTE SQL=SHOW QUERIES;&#xD;
info: Kafka.Ksql.Linq.KsqlContext[0]&#xD;
      ksql execute: EXECUTE SQL=SHOW QUERIES;&#xD;
info: Kafka.Ksql.Linq.KsqlContext[0]&#xD;
      ksql execute: EXECUTE SQL=SHOW QUERIES;&#xD;
info: Kafka.Ksql.Linq.KsqlContext[0]&#xD;
      ksql execute: EXECUTE SQL=SHOW QUERIES;&#xD;
info: Kafka.Ksql.Linq.KsqlContext[0]&#xD;
      ksql execute: EXECUTE SQL=SHOW QUERIES;&#xD;
info: Kafka.Ksql.Linq.KsqlContext[0]&#xD;
      ksql execute: EXECUTE SQL=SHOW QUERIES;&#xD;
info: Kafka.Ksql.Linq.KsqlContext[0]&#xD;
      ksql execute: EXECUTE SQL=SHOW QUERIES;&#xD;
info: Kafka.Ksql.Linq.KsqlContext[0]&#xD;
      ksql execute: EXECUTE SQL=SHOW QUERIES;&#xD;
info: Kafka.Ksql.Linq.KsqlContext[0]&#xD;
      ksql execute: EXECUTE SQL=SHOW QUERIES;&#xD;
info: Kafka.Ksql.Linq.KsqlContext[0]&#xD;
      ksql execute: EXECUTE SQL=SHOW QUERIES;&#xD;
info: Kafka.Ksql.Linq.KsqlContext[0]&#xD;
      ksql execute: EXECUTE SQL=SHOW QUERIES;&#xD;
info: Kafka.Ksql.Linq.KsqlContext[0]&#xD;
      ksql execute: EXECUTE SQL=SHOW QUERIES;&#xD;
info: Kafka.Ksql.Linq.KsqlContext[0]&#xD;
      ksql execute: EXECUTE SQL=SHOW QUERIES;&#xD;
info: Kafka.Ksql.Linq.KsqlContext[0]&#xD;
      ksql execute: EXECUTE SQL=SHOW QUERIES;&#xD;
info: Kafka.Ksql.Linq.KsqlContext[0]&#xD;
      ksql execute: EXECUTE SQL=SHOW QUERIES;&#xD;
info: Kafka.Ksql.Linq.KsqlContext[0]&#xD;
      ksql execute: EXECUTE SQL=SHOW QUERIES;&#xD;
info: Kafka.Ksql.Linq.KsqlContext[0]&#xD;
      ksql execute: EXECUTE SQL=SHOW QUERIES;&#xD;
info: Kafka.Ksql.Linq.KsqlContext[0]&#xD;
      ksql execute: EXECUTE SQL=SHOW QUERIES;&#xD;
info: Kafka.Ksql.Linq.KsqlContext[0]&#xD;
      ksql execute: EXECUTE SQL=SHOW QUERIES;&#xD;
info: Kafka.Ksql.Linq.KsqlContext[0]&#xD;
      ksql execute: EXECUTE SQL=SHOW QUERIES;&#xD;
info: Kafka.Ksql.Linq.KsqlContext[0]&#xD;
      ksql execute: EXECUTE SQL=SHOW QUERIES;&#xD;
info: Kafka.Ksql.Linq.KsqlContext[0]&#xD;
      ksql execute: EXECUTE SQL=SHOW QUERIES;&#xD;
info: Kafka.Ksql.Linq.KsqlContext[0]&#xD;
      ksql execute: EXECUTE SQL=SHOW QUERIES;&#xD;
info: Kafka.Ksql.Linq.KsqlContext[0]&#xD;
      ksql execute: EXECUTE SQL=SHOW QUERIES;&#xD;
info: Kafka.Ksql.Linq.KsqlContext[0]&#xD;
      ksql execute: EXECUTE SQL=SHOW QUERIES;&#xD;
info: Kafka.Ksql.Linq.KsqlContext[0]&#xD;
      ksql execute: EXECUTE SQL=SHOW QUERIES;&#xD;
info: Kafka.Ksql.Linq.KsqlContext[0]&#xD;
      ksql execute: EXECUTE SQL=SHOW QUERIES;&#xD;
info: Kafka.Ksql.Linq.KsqlContext[0]&#xD;
      ksql execute: EXECUTE SQL=SHOW QUERIES;&#xD;
info: Kafka.Ksql.Linq.KsqlContext[0]&#xD;
      ksql execute: EXECUTE SQL=SHOW QUERIES;&#xD;
info: Kafka.Ksql.Linq.KsqlContext[0]&#xD;
      ksql execute: EXECUTE SQL=SHOW QUERIES;&#xD;
info: Kafka.Ksql.Linq.KsqlContext[0]&#xD;
      ksql execute: EXECUTE SQL=SHOW QUERIES;&#xD;
info: Kafka.Ksql.Linq.KsqlContext[0]&#xD;
      ksql execute: EXECUTE SQL=SHOW QUERIES;&#xD;
info: Kafka.Ksql.Linq.KsqlContext[0]&#xD;
      ksql execute: EXECUTE SQL=SHOW QUERIES;&#xD;
info: Kafka.Ksql.Linq.KsqlContext[0]&#xD;
      ksql execute: EXECUTE SQL=SHOW QUERIES;&#xD;
info: Kafka.Ksql.Linq.KsqlContext[0]&#xD;
      ksql execute: EXECUTE SQL=SHOW QUERIES;&#xD;
info: Kafka.Ksql.Linq.KsqlContext[0]&#xD;
      ksql execute: EXECUTE SQL=SHOW QUERIES;&#xD;
info: Kafka.Ksql.Linq.KsqlContext[0]&#xD;
      ksql execute: EXECUTE SQL=SHOW QUERIES;&#xD;
info: Kafka.Ksql.Linq.KsqlContext[0]&#xD;
      ksql execute: EXECUTE SQL=SHOW QUERIES;&#xD;
info: Kafka.Ksql.Linq.KsqlContext[0]&#xD;
      ksql execute: EXECUTE SQL=SHOW QUERIES;&#xD;
info: Kafka.Ksql.Linq.KsqlContext[0]&#xD;
      ksql execute: EXECUTE SQL=SHOW QUERIES;&#xD;
info: Kafka.Ksql.Linq.KsqlContext[0]&#xD;
      Kafka initialization completed; DLQ topic 'dead-letter-queue' ready with 5000ms retention&#xD;
info: Kafka.Ksql.Linq.Messaging.Producers.KafkaProducerManager[0]&#xD;
      producer:ticks config: Acks=All, BatchNumMessages=1, BatchSize=16384, BootstrapServers=127.0.0.1:39092, ClientId=ksql-dsl-client, CompressionType=Snappy, EnableIdempotence=True, LingerMs=5, MaxInFlight=1, MessageTimeoutMs=30000, RetryBackoffMs=100, SocketKeepaliveEnable=True, additional.socket.keepalive.enable=true, additional.queue.buffering.max.ms=0&#xD;
info: Kafka.Ksql.Linq.Messaging.Producers.KafkaProducerManager[0]&#xD;
      schema-registry(producer) config: Url=http://127.0.0.1:18081&#xD;
info: Kafka.Ksql.Linq.Messaging.Producers.KafkaProducerManager[0]&#xD;
      kafka produce: topic=ticks, entity=Tick, method=SendAsync&#xD;
info: Kafka.Ksql.Linq.Messaging.Producers.KafkaProducerManager[0]&#xD;
      kafka produce: topic=ticks, entity=Tick, method=SendAsync&#xD;
info: Kafka.Ksql.Linq.Messaging.Producers.KafkaProducerManager[0]&#xD;
      kafka produce: topic=ticks, entity=Tick, method=SendAsync&#xD;
info: Kafka.Ksql.Linq.Messaging.Producers.KafkaProducerManager[0]&#xD;
      kafka produce: topic=ticks, entity=Tick, method=SendAsync&#xD;
info: Kafka.Ksql.Linq.Messaging.Producers.KafkaProducerManager[0]&#xD;
      kafka produce: topic=ticks, entity=Tick, method=SendAsync&#xD;
info: Kafka.Ksql.Linq.Messaging.Producers.KafkaProducerManager[0]&#xD;
      kafka produce: topic=ticks, entity=Tick, method=SendAsync&#xD;
info: Kafka.Ksql.Linq.Messaging.Producers.KafkaProducerManager[0]&#xD;
      kafka produce: topic=ticks, entity=Tick, method=SendAsync&#xD;
info: Kafka.Ksql.Linq.Messaging.Producers.KafkaProducerManager[0]&#xD;
      kafka produce: topic=ticks, entity=Tick, method=SendAsync&#xD;
info: Kafka.Ksql.Linq.Messaging.Producers.KafkaProducerManager[0]&#xD;
      kafka produce: topic=ticks, entity=Tick, method=SendAsync&#xD;
info: Kafka.Ksql.Linq.Messaging.Producers.KafkaProducerManager[0]&#xD;
      kafka produce: topic=ticks, entity=Tick, method=SendAsync&#xD;
info: Kafka.Ksql.Linq.Messaging.Producers.KafkaProducerManager[0]&#xD;
      kafka produce: topic=ticks, entity=Tick, method=SendAsync&#xD;
info: Kafka.Ksql.Linq.Messaging.Producers.KafkaProducerManager[0]&#xD;
      kafka produce: topic=ticks, entity=Tick, method=SendAsync&#xD;
info: Kafka.Ksql.Linq.Messaging.Producers.KafkaProducerManager[0]&#xD;
      kafka produce: topic=ticks, entity=Tick, method=SendAsync&#xD;
info: Kafka.Ksql.Linq.Messaging.Producers.KafkaProducerManager[0]&#xD;
      kafka produce: topic=ticks, entity=Tick, method=SendAsync&#xD;
info: Kafka.Ksql.Linq.Messaging.Producers.KafkaProducerManager[0]&#xD;
      kafka produce: topic=ticks, entity=Tick, method=SendAsync&#xD;
info: Kafka.Ksql.Linq.Messaging.Producers.KafkaProducerManager[0]&#xD;
      kafka produce: topic=ticks, entity=Tick, method=SendAsync&#xD;
info: Kafka.Ksql.Linq.Messaging.Producers.KafkaProducerManager[0]&#xD;
      kafka produce: topic=ticks, entity=Tick, method=SendAsync&#xD;
info: Kafka.Ksql.Linq.Messaging.Producers.KafkaProducerManager[0]&#xD;
      kafka produce: topic=ticks, entity=Tick, method=SendAsync&#xD;
info: Kafka.Ksql.Linq.Messaging.Producers.KafkaProducerManager[0]&#xD;
      kafka produce: topic=ticks, entity=Tick, method=SendAsync&#xD;
info: Kafka.Ksql.Linq.Messaging.Producers.KafkaProducerManager[0]&#xD;
      kafka produce: topic=ticks, entity=Tick, method=SendAsync&#xD;
info: Kafka.Ksql.Linq.Messaging.Producers.KafkaProducerManager[0]&#xD;
      kafka produce: topic=ticks, entity=Tick, method=SendAsync&#xD;
info: Kafka.Ksql.Linq.Messaging.Producers.KafkaProducerManager[0]&#xD;
      kafka produce: topic=ticks, entity=Tick, method=SendAsync&#xD;
info: Kafka.Ksql.Linq.Messaging.Producers.KafkaProducerManager[0]&#xD;
      kafka produce: topic=ticks, entity=Tick, method=SendAsync&#xD;
info: Kafka.Ksql.Linq.Messaging.Producers.KafkaProducerManager[0]&#xD;
      kafka produce: topic=ticks, entity=Tick, method=SendAsync&#xD;
info: Kafka.Ksql.Linq.Messaging.Producers.KafkaProducerManager[0]&#xD;
      kafka produce: topic=ticks, entity=Tick, method=SendAsync&#xD;
info: Kafka.Ksql.Linq.Messaging.Producers.KafkaProducerManager[0]&#xD;
      kafka produce: topic=ticks, entity=Tick, method=SendAsync&#xD;
info: Kafka.Ksql.Linq.Messaging.Producers.KafkaProducerManager[0]&#xD;
      kafka produce: topic=ticks, entity=Tick, method=SendAsync&#xD;
info: Kafka.Ksql.Linq.Messaging.Producers.KafkaProducerManager[0]&#xD;
      kafka produce: topic=ticks, entity=Tick, method=SendAsync&#xD;
info: Kafka.Ksql.Linq.Messaging.Producers.KafkaProducerManager[0]&#xD;
      kafka produce: topic=ticks, entity=Tick, method=SendAsync&#xD;
info: Kafka.Ksql.Linq.Messaging.Producers.KafkaProducerManager[0]&#xD;
      kafka produce: topic=ticks, entity=Tick, method=SendAsync&#xD;
info: Kafka.Ksql.Linq.Messaging.Producers.KafkaProducerManager[0]&#xD;
      kafka produce: topic=ticks, entity=Tick, method=SendAsync&#xD;
info: Kafka.Ksql.Linq.Messaging.Producers.KafkaProducerManager[0]&#xD;
      kafka produce: topic=ticks, entity=Tick, method=SendAsync&#xD;
info: Kafka.Ksql.Linq.Messaging.Producers.KafkaProducerManager[0]&#xD;
      kafka produce: topic=ticks, entity=Tick, method=SendAsync&#xD;
info: Kafka.Ksql.Linq.Messaging.Producers.KafkaProducerManager[0]&#xD;
      kafka produce: topic=ticks, entity=Tick, method=SendAsync&#xD;
info: Kafka.Ksql.Linq.Messaging.Producers.KafkaProducerManager[0]&#xD;
      kafka produce: topic=ticks, entity=Tick, method=SendAsync&#xD;
info: Kafka.Ksql.Linq.Messaging.Producers.KafkaProducerManager[0]&#xD;
      kafka produce: topic=ticks, entity=Tick, method=SendAsync&#xD;
info: Kafka.Ksql.Linq.Messaging.Producers.KafkaProducerManager[0]&#xD;
      kafka produce: topic=ticks, entity=Tick, method=SendAsync&#xD;
info: Kafka.Ksql.Linq.Messaging.Producers.KafkaProducerManager[0]&#xD;
      kafka produce: topic=ticks, entity=Tick, method=SendAsync&#xD;
info: Kafka.Ksql.Linq.Messaging.Producers.KafkaProducerManager[0]&#xD;
      kafka produce: topic=ticks, entity=Tick, method=SendAsync&#xD;
info: Kafka.Ksql.Linq.Messaging.Producers.KafkaProducerManager[0]&#xD;
      kafka produce: topic=ticks, entity=Tick, method=SendAsync&#xD;
info: Kafka.Ksql.Linq.Messaging.Producers.KafkaProducerManager[0]&#xD;
      kafka produce: topic=ticks, entity=Tick, method=SendAsync&#xD;
info: Kafka.Ksql.Linq.Messaging.Producers.KafkaProducerManager[0]&#xD;
      kafka produce: topic=ticks, entity=Tick, method=SendAsync&#xD;
info: Kafka.Ksql.Linq.Messaging.Producers.KafkaProducerManager[0]&#xD;
      kafka produce: topic=ticks, entity=Tick, method=SendAsync&#xD;
info: Kafka.Ksql.Linq.Messaging.Producers.KafkaProducerManager[0]&#xD;
      kafka produce: topic=ticks, entity=Tick, method=SendAsync&#xD;
info: Kafka.Ksql.Linq.Messaging.Producers.KafkaProducerManager[0]&#xD;
      kafka produce: topic=ticks, entity=Tick, method=SendAsync&#xD;
info: Kafka.Ksql.Linq.Messaging.Producers.KafkaProducerManager[0]&#xD;
      kafka produce: topic=ticks, entity=Tick, method=SendAsync&#xD;
info: Kafka.Ksql.Linq.Messaging.Producers.KafkaProducerManager[0]&#xD;
      kafka produce: topic=ticks, entity=Tick, method=SendAsync&#xD;
info: Kafka.Ksql.Linq.Messaging.Producers.KafkaProducerManager[0]&#xD;
      kafka produce: topic=ticks, entity=Tick, method=SendAsync&#xD;
info: Kafka.Ksql.Linq.Messaging.Producers.KafkaProducerManager[0]&#xD;
      kafka produce: topic=ticks, entity=Tick, method=SendAsync&#xD;
info: Kafka.Ksql.Linq.Messaging.Producers.KafkaProducerManager[0]&#xD;
      kafka produce: topic=ticks, entity=Tick, method=SendAsync&#xD;
info: Kafka.Ksql.Linq.Messaging.Producers.KafkaProducerManager[0]&#xD;
      kafka produce: topic=ticks, entity=Tick, method=SendAsync&#xD;
info: Kafka.Ksql.Linq.Messaging.Producers.KafkaProducerManager[0]&#xD;
      kafka produce: topic=ticks, entity=Tick, method=SendAsync&#xD;
info: Kafka.Ksql.Linq.Messaging.Producers.KafkaProducerManager[0]&#xD;
      kafka produce: topic=ticks, entity=Tick, method=SendAsync&#xD;
info: Kafka.Ksql.Linq.Messaging.Producers.KafkaProducerManager[0]&#xD;
      kafka produce: topic=ticks, entity=Tick, method=SendAsync&#xD;
info: Kafka.Ksql.Linq.Messaging.Producers.KafkaProducerManager[0]&#xD;
      kafka produce: topic=ticks, entity=Tick, method=SendAsync&#xD;
info: Kafka.Ksql.Linq.Messaging.Producers.KafkaProducerManager[0]&#xD;
      kafka produce: topic=ticks, entity=Tick, method=SendAsync&#xD;
info: Kafka.Ksql.Linq.Messaging.Producers.KafkaProducerManager[0]&#xD;
      kafka produce: topic=ticks, entity=Tick, method=SendAsync&#xD;
info: Kafka.Ksql.Linq.Messaging.Producers.KafkaProducerManager[0]&#xD;
      kafka produce: topic=ticks, entity=Tick, method=SendAsync&#xD;
info: Kafka.Ksql.Linq.Messaging.Producers.KafkaProducerManager[0]&#xD;
      kafka produce: topic=ticks, entity=Tick, method=SendAsync&#xD;
info: Kafka.Ksql.Linq.Messaging.Producers.KafkaProducerManager[0]&#xD;
      kafka produce: topic=ticks, entity=Tick, method=SendAsync&#xD;
info: Kafka.Ksql.Linq.Messaging.Producers.KafkaProducerManager[0]&#xD;
      kafka produce: topic=ticks, entity=Tick, method=SendAsync&#xD;
info: Kafka.Ksql.Linq.Messaging.Producers.KafkaProducerManager[0]&#xD;
      kafka produce: topic=ticks, entity=Tick, method=SendAsync&#xD;
info: Kafka.Ksql.Linq.Messaging.Producers.KafkaProducerManager[0]&#xD;
      kafka produce: topic=ticks, entity=Tick, method=SendAsync&#xD;
info: Kafka.Ksql.Linq.Messaging.Producers.KafkaProducerManager[0]&#xD;
      kafka produce: topic=ticks, entity=Tick, method=SendAsync&#xD;
info: Kafka.Ksql.Linq.Messaging.Producers.KafkaProducerManager[0]&#xD;
      kafka produce: topic=ticks, entity=Tick, method=SendAsync&#xD;
info: Kafka.Ksql.Linq.Messaging.Producers.KafkaProducerManager[0]&#xD;
      kafka produce: topic=ticks, entity=Tick, method=SendAsync&#xD;
info: Kafka.Ksql.Linq.Messaging.Producers.KafkaProducerManager[0]&#xD;
      kafka produce: topic=ticks, entity=Tick, method=SendAsync&#xD;
info: Kafka.Ksql.Linq.Messaging.Producers.KafkaProducerManager[0]&#xD;
      kafka produce: topic=ticks, entity=Tick, method=SendAsync&#xD;
info: Kafka.Ksql.Linq.Messaging.Producers.KafkaProducerManager[0]&#xD;
      kafka produce: topic=ticks, entity=Tick, method=SendAsync&#xD;
info: Kafka.Ksql.Linq.Messaging.Producers.KafkaProducerManager[0]&#xD;
      kafka produce: topic=ticks, entity=Tick, method=SendAsync&#xD;
info: Kafka.Ksql.Linq.Messaging.Producers.KafkaProducerManager[0]&#xD;
      kafka produce: topic=ticks, entity=Tick, method=SendAsync&#xD;
info: Kafka.Ksql.Linq.Messaging.Producers.KafkaProducerManager[0]&#xD;
      kafka produce: topic=ticks, entity=Tick, method=SendAsync&#xD;
info: Kafka.Ksql.Linq.Messaging.Producers.KafkaProducerManager[0]&#xD;
      kafka produce: topic=ticks, entity=Tick, method=SendAsync&#xD;
info: Kafka.Ksql.Linq.Messaging.Producers.KafkaProducerManager[0]&#xD;
      kafka produce: topic=ticks, entity=Tick, method=SendAsync&#xD;
info: Kafka.Ksql.Linq.Messaging.Producers.KafkaProducerManager[0]&#xD;
      kafka produce: topic=ticks, entity=Tick, method=SendAsync&#xD;
info: Kafka.Ksql.Linq.Messaging.Producers.KafkaProducerManager[0]&#xD;
      kafka produce: topic=ticks, entity=Tick, method=SendAsync&#xD;
info: Kafka.Ksql.Linq.Messaging.Producers.KafkaProducerManager[0]&#xD;
      kafka produce: topic=ticks, entity=Tick, method=SendAsync&#xD;
info: Kafka.Ksql.Linq.Messaging.Producers.KafkaProducerManager[0]&#xD;
      kafka produce: topic=ticks, entity=Tick, method=SendAsync&#xD;
info: Kafka.Ksql.Linq.Messaging.Producers.KafkaProducerManager[0]&#xD;
      kafka produce: topic=ticks, entity=Tick, method=SendAsync&#xD;
info: Kafka.Ksql.Linq.Messaging.Producers.KafkaProducerManager[0]&#xD;
      kafka produce: topic=ticks, entity=Tick, method=SendAsync&#xD;
info: Kafka.Ksql.Linq.Messaging.Producers.KafkaProducerManager[0]&#xD;
      kafka produce: topic=ticks, entity=Tick, method=SendAsync&#xD;
info: Kafka.Ksql.Linq.Messaging.Producers.KafkaProducerManager[0]&#xD;
      kafka produce: topic=ticks, entity=Tick, method=SendAsync&#xD;
info: Kafka.Ksql.Linq.Messaging.Producers.KafkaProducerManager[0]&#xD;
      kafka produce: topic=ticks, entity=Tick, method=SendAsync&#xD;
info: Kafka.Ksql.Linq.Messaging.Producers.KafkaProducerManager[0]&#xD;
      kafka produce: topic=ticks, entity=Tick, method=SendAsync&#xD;
info: Kafka.Ksql.Linq.Messaging.Producers.KafkaProducerManager[0]&#xD;
      kafka produce: topic=ticks, entity=Tick, method=SendAsync&#xD;
info: Kafka.Ksql.Linq.Messaging.Producers.KafkaProducerManager[0]&#xD;
      kafka produce: topic=ticks, entity=Tick, method=SendAsync&#xD;
info: Kafka.Ksql.Linq.Messaging.Producers.KafkaProducerManager[0]&#xD;
      kafka produce: topic=ticks, entity=Tick, method=SendAsync&#xD;
info: Kafka.Ksql.Linq.Messaging.Producers.KafkaProducerManager[0]&#xD;
      kafka produce: topic=ticks, entity=Tick, method=SendAsync&#xD;
info: Kafka.Ksql.Linq.Messaging.Producers.KafkaProducerManager[0]&#xD;
      kafka produce: topic=ticks, entity=Tick, method=SendAsync&#xD;
info: Kafka.Ksql.Linq.Messaging.Producers.KafkaProducerManager[0]&#xD;
      kafka produce: topic=ticks, entity=Tick, method=SendAsync&#xD;
info: Kafka.Ksql.Linq.Messaging.Producers.KafkaProducerManager[0]&#xD;
      kafka produce: topic=ticks, entity=Tick, method=SendAsync&#xD;
info: Kafka.Ksql.Linq.Messaging.Producers.KafkaProducerManager[0]&#xD;
      kafka produce: topic=ticks, entity=Tick, method=SendAsync&#xD;
info: Kafka.Ksql.Linq.Messaging.Producers.KafkaProducerManager[0]&#xD;
      kafka produce: topic=ticks, entity=Tick, method=SendAsync&#xD;
info: Kafka.Ksql.Linq.Messaging.Producers.KafkaProducerManager[0]&#xD;
      kafka produce: topic=ticks, entity=Tick, method=SendAsync&#xD;
info: Kafka.Ksql.Linq.Messaging.Producers.KafkaProducerManager[0]&#xD;
      kafka produce: topic=ticks, entity=Tick, method=SendAsync&#xD;
info: Kafka.Ksql.Linq.Messaging.Producers.KafkaProducerManager[0]&#xD;
      kafka produce: topic=ticks, entity=Tick, method=SendAsync&#xD;
info: Kafka.Ksql.Linq.Messaging.Producers.KafkaProducerManager[0]&#xD;
      kafka produce: topic=ticks, entity=Tick, method=SendAsync&#xD;
info: Kafka.Ksql.Linq.Messaging.Producers.KafkaProducerManager[0]&#xD;
      kafka produce: topic=ticks, entity=Tick, method=SendAsync&#xD;
info: Kafka.Ksql.Linq.Messaging.Producers.KafkaProducerManager[0]&#xD;
      kafka produce: topic=ticks, entity=Tick, method=SendAsync&#xD;
info: Kafka.Ksql.Linq.Messaging.Producers.KafkaProducerManager[0]&#xD;
      kafka produce: topic=ticks, entity=Tick, method=SendAsync&#xD;
info: Kafka.Ksql.Linq.Messaging.Producers.KafkaProducerManager[0]&#xD;
      kafka produce: topic=ticks, entity=Tick, method=SendAsync&#xD;
info: Kafka.Ksql.Linq.Messaging.Producers.KafkaProducerManager[0]&#xD;
      kafka produce: topic=ticks, entity=Tick, method=SendAsync&#xD;
info: Kafka.Ksql.Linq.Messaging.Producers.KafkaProducerManager[0]&#xD;
      kafka produce: topic=ticks, entity=Tick, method=SendAsync&#xD;
info: Kafka.Ksql.Linq.Messaging.Producers.KafkaProducerManager[0]&#xD;
      kafka produce: topic=ticks, entity=Tick, method=SendAsync&#xD;
info: Kafka.Ksql.Linq.Messaging.Producers.KafkaProducerManager[0]&#xD;
      kafka produce: topic=ticks, entity=Tick, method=SendAsync&#xD;
info: Kafka.Ksql.Linq.Messaging.Producers.KafkaProducerManager[0]&#xD;
      kafka produce: topic=ticks, entity=Tick, method=SendAsync&#xD;
info: Kafka.Ksql.Linq.Messaging.Producers.KafkaProducerManager[0]&#xD;
      kafka produce: topic=ticks, entity=Tick, method=SendAsync&#xD;
info: Kafka.Ksql.Linq.Messaging.Producers.KafkaProducerManager[0]&#xD;
      kafka produce: topic=ticks, entity=Tick, method=SendAsync&#xD;
info: Kafka.Ksql.Linq.Messaging.Producers.KafkaProducerManager[0]&#xD;
      kafka produce: topic=ticks, entity=Tick, method=SendAsync&#xD;
info: Kafka.Ksql.Linq.Messaging.Producers.KafkaProducerManager[0]&#xD;
      kafka produce: topic=ticks, entity=Tick, method=SendAsync&#xD;
info: Kafka.Ksql.Linq.Messaging.Producers.KafkaProducerManager[0]&#xD;
      kafka produce: topic=ticks, entity=Tick, method=SendAsync&#xD;
info: Kafka.Ksql.Linq.Messaging.Producers.KafkaProducerManager[0]&#xD;
      kafka produce: topic=ticks, entity=Tick, method=SendAsync&#xD;
info: Kafka.Ksql.Linq.Messaging.Producers.KafkaProducerManager[0]&#xD;
      kafka produce: topic=ticks, entity=Tick, method=SendAsync&#xD;
info: Kafka.Ksql.Linq.Messaging.Producers.KafkaProducerManager[0]&#xD;
      kafka produce: topic=ticks, entity=Tick, method=SendAsync&#xD;
info: Kafka.Ksql.Linq.Messaging.Producers.KafkaProducerManager[0]&#xD;
      kafka produce: topic=ticks, entity=Tick, method=SendAsync&#xD;
info: Kafka.Ksql.Linq.Messaging.Producers.KafkaProducerManager[0]&#xD;
      kafka produce: topic=ticks, entity=Tick, method=SendAsync&#xD;
info: Kafka.Ksql.Linq.Messaging.Producers.KafkaProducerManager[0]&#xD;
      kafka produce: topic=ticks, entity=Tick, method=SendAsync&#xD;
info: Kafka.Ksql.Linq.Messaging.Producers.KafkaProducerManager[0]&#xD;
      kafka produce: topic=ticks, entity=Tick, method=SendAsync&#xD;
info: Kafka.Ksql.Linq.Messaging.Producers.KafkaProducerManager[0]&#xD;
      kafka produce: topic=ticks, entity=Tick, method=SendAsync&#xD;
info: Kafka.Ksql.Linq.Messaging.Producers.KafkaProducerManager[0]&#xD;
      kafka produce: topic=ticks, entity=Tick, method=SendAsync&#xD;
[xUnit.net 00:04:35.97]       System.TimeoutException : bar_1m_live/bar_5m_live not ready within timeout&#xD;
[xUnit.net 00:04:35.97]       Stack Trace:&#xD;
[xUnit.net 00:04:35.97]         C:\dev\rc02\physicalTests\OssSamples\TimeBucketImportTumblingTests.cs(278,0): at Kafka.Ksql.Linq.Tests.Integration.TimeBucketImportTumblingTests.WaitTablesReadyAsync(Uri baseUrl, TimeSpan timeout)&#xD;
[xUnit.net 00:04:35.97]         C:\dev\rc02\physicalTests\OssSamples\TimeBucketImportTumblingTests.cs(184,0): at Kafka.Ksql.Linq.Tests.Integration.TimeBucketImportTumblingTests.Import_Ticks_Define_Tumbling_Query_Then_Extract_Bars_Via_TimeBucket()&#xD;
[xUnit.net 00:04:35.97]         --- End of stack trace from previous location ---&#xD;
[xUnit.net 00:04:35.97]   Finished:    Kafka.Ksql.Linq.Tests.Integration&#xD;
</StdOut>
    </Output>
    <RunInfos>
      <RunInfo computerName="SAGESOHO01" outcome="Error" timestamp="2025-09-14T20:56:16.5113765+09:00">
        <Text>[xUnit.net 00:04:35.97]     Kafka.Ksql.Linq.Tests.Integration.TimeBucketImportTumblingTests.Import_Ticks_Define_Tumbling_Query_Then_Extract_Bars_Via_TimeBucket [FAIL]</Text>
      </RunInfo>
    </RunInfos>
  </ResultSummary>
</TestRun>