<?xml version="1.0" encoding="utf-8"?>
<TestRun id="2a62cf34-148d-4f30-8f05-441befa96314" name="seiji_yfc8940@SAGESOHO01 2025-09-14 19:27:02" runUser="SAGESOHO01\seiji_yfc8940" xmlns="http://microsoft.com/schemas/VisualStudio/TeamTest/2010">
  <Times creation="2025-09-14T19:27:02.6690652+09:00" queuing="2025-09-14T19:27:02.6690657+09:00" start="2025-09-14T19:26:33.6433859+09:00" finish="2025-09-14T19:27:02.6740941+09:00" />
  <TestSettings name="default" id="c46e3de0-13e9-4a81-900b-9056676d5273">
    <Deployment runDeploymentRoot="seiji_yfc8940_SAGESOHO01_2025-09-14_19_27_02" />
  </TestSettings>
  <Results>
    <UnitTestResult executionId="ced41bb8-f9e4-4517-a5b7-7483ae533988" testId="f1c03cea-0557-e281-789b-44a1e9e61d2d" testName="Kafka.Ksql.Linq.Tests.Integration.DefaultAndBoundaryValueTests.DefaultValuesRoundTrip" computerName="SAGESOHO01" duration="00:00:28.4745739" startTime="2025-09-14T19:27:02.5908994+09:00" endTime="2025-09-14T19:27:02.5909143+09:00" testType="13cdc9d9-ddb5-4fa4-a97d-d965ccfc6d4b" outcome="Passed" testListId="8c84fa94-04c1-424b-9868-57a2d4851a1d" relativeResultsDirectory="ced41bb8-f9e4-4517-a5b7-7483ae533988" />
  </Results>
  <TestDefinitions>
    <UnitTest name="Kafka.Ksql.Linq.Tests.Integration.DefaultAndBoundaryValueTests.DefaultValuesRoundTrip" storage="c:\dev\rc02\physicaltests\bin\release\net8.0\kafka.ksql.linq.tests.integration.dll" id="f1c03cea-0557-e281-789b-44a1e9e61d2d">
      <Execution id="ced41bb8-f9e4-4517-a5b7-7483ae533988" />
      <TestMethod codeBase="C:\dev\rc02\physicalTests\bin\Release\net8.0\Kafka.Ksql.Linq.Tests.Integration.dll" adapterTypeName="executor://xunit/VsTestRunner2/netcoreapp" className="Kafka.Ksql.Linq.Tests.Integration.DefaultAndBoundaryValueTests" name="DefaultValuesRoundTrip" />
    </UnitTest>
  </TestDefinitions>
  <TestEntries>
    <TestEntry testId="f1c03cea-0557-e281-789b-44a1e9e61d2d" executionId="ced41bb8-f9e4-4517-a5b7-7483ae533988" testListId="8c84fa94-04c1-424b-9868-57a2d4851a1d" />
  </TestEntries>
  <TestLists>
    <TestList name="一覧に存在しない結果" id="8c84fa94-04c1-424b-9868-57a2d4851a1d" />
    <TestList name="読み込まれたすべての結果" id="19431567-8539-422a-85d7-44ee4e166bda" />
  </TestLists>
  <ResultSummary outcome="Completed">
    <Counters total="1" executed="1" passed="1" failed="0" error="0" timeout="0" aborted="0" inconclusive="0" passedButRunAborted="0" notRunnable="0" notExecuted="0" disconnected="0" warning="0" completed="0" inProgress="0" pending="0" />
    <Output>
      <StdOut>[xUnit.net 00:00:00.00] xUnit.net VSTest Adapter v2.5.6+bf9b858c26 (64-bit .NET 8.0.19)&#xD;
[xUnit.net 00:00:00.06]   Discovering: Kafka.Ksql.Linq.Tests.Integration&#xD;
[xUnit.net 00:00:00.12]   Discovered:  Kafka.Ksql.Linq.Tests.Integration&#xD;
[xUnit.net 00:00:00.12]   Starting:    Kafka.Ksql.Linq.Tests.Integration&#xD;
[ConsumerConfig] topic=alltyperecords group=ab0a4070-c425-4cb0-bb47-32f5765fa269 enableAutoCommit=True autoOffsetReset=Earliest&#xD;
[ConsumeInternal] subscribed topic=alltyperecords group=ab0a4070-c425-4cb0-bb47-32f5765fa269 autoCommit=True&#xD;
[xUnit.net 00:00:28.63]   Finished:    Kafka.Ksql.Linq.Tests.Integration&#xD;
</StdOut>
    </Output>
  </ResultSummary>
</TestRun>