<?xml version="1.0" encoding="utf-8"?>
<TestRun id="2f0d8bc8-ce8e-409c-9a8f-8b72dd6e6df6" name="@sagesoho01 2025-09-15 00:56:47" xmlns="http://microsoft.com/schemas/VisualStudio/TeamTest/2010">
  <Times creation="2025-09-15T00:56:47.8737013+09:00" queuing="2025-09-15T00:56:47.8737013+09:00" start="2025-09-15T00:55:10.0972262+09:00" finish="2025-09-15T00:56:47.9226698+09:00" />
  <TestSettings name="default" id="e2103e75-c6fa-4587-bc8d-245ca33ebc62">
    <Deployment runDeploymentRoot="_sagesoho01_2025-09-15_00_56_47" />
  </TestSettings>
  <Results>
    <UnitTestResult executionId="ad09361e-0789-4b90-b9e2-e364609faa62" testId="6779cdd7-4fad-1e65-36f2-650e6cbdeec8" testName="Kafka.Ksql.Linq.Tests.Integration.BarDslExplainTests.Tumbling_1m_5m_Live_Ohlc_Materialize_And_Verify" computerName="sagesoho01" duration="00:01:47.5916898" startTime="2025-09-15T00:56:47.8369527+09:00" endTime="2025-09-15T00:56:47.8369686+09:00" testType="13cdc9d9-ddb5-4fa4-a97d-d965ccfc6d4b" outcome="Passed" testListId="8c84fa94-04c1-424b-9868-57a2d4851a1d" relativeResultsDirectory="ad09361e-0789-4b90-b9e2-e364609faa62" />
  </Results>
  <TestDefinitions>
    <UnitTest name="Kafka.Ksql.Linq.Tests.Integration.BarDslExplainTests.Tumbling_1m_5m_Live_Ohlc_Materialize_And_Verify" storage="/mnt/wsl/docker-desktop-bind-mounts/ubuntu/26713ee8003cb7bc282ce8244ea5001ccb92a1311fa1bee6e964f4a36321e42a/ubuntu/de963e6efae39b1e8a1abcd3e4621d6fc830ee851b48bb5c2718ffd0134d54eb/physicaltests/bin/release/net8.0/kafka.ksql.linq.tests.integration.dll" id="6779cdd7-4fad-1e65-36f2-650e6cbdeec8">
      <Execution id="ad09361e-0789-4b90-b9e2-e364609faa62" />
      <TestMethod codeBase="/mnt/wsl/docker-desktop-bind-mounts/Ubuntu/26713ee8003cb7bc282ce8244ea5001ccb92a1311fa1bee6e964f4a36321e42a/Ubuntu/de963e6efae39b1e8a1abcd3e4621d6fc830ee851b48bb5c2718ffd0134d54eb/physicalTests/bin/Release/net8.0/Kafka.Ksql.Linq.Tests.Integration.dll" adapterTypeName="executor://xunit/VsTestRunner2/netcoreapp" className="Kafka.Ksql.Linq.Tests.Integration.BarDslExplainTests" name="Tumbling_1m_5m_Live_Ohlc_Materialize_And_Verify" />
    </UnitTest>
  </TestDefinitions>
  <TestEntries>
    <TestEntry testId="6779cdd7-4fad-1e65-36f2-650e6cbdeec8" executionId="ad09361e-0789-4b90-b9e2-e364609faa62" testListId="8c84fa94-04c1-424b-9868-57a2d4851a1d" />
  </TestEntries>
  <TestLists>
    <TestList name="Results Not in a List" id="8c84fa94-04c1-424b-9868-57a2d4851a1d" />
    <TestList name="All Loaded Results" id="19431567-8539-422a-85d7-44ee4e166bda" />
  </TestLists>
  <ResultSummary outcome="Completed">
    <Counters total="1" executed="1" passed="1" failed="0" error="0" timeout="0" aborted="0" inconclusive="0" passedButRunAborted="0" notRunnable="0" notExecuted="0" disconnected="0" warning="0" completed="0" inProgress="0" pending="0" />
    <Output>
      <StdOut>[xUnit.net 00:00:00.00] xUnit.net VSTest Adapter v2.5.6+bf9b858c26 (64-bit .NET 8.0.19)
[xUnit.net 00:00:00.23]   Discovering: Kafka.Ksql.Linq.Tests.Integration
[xUnit.net 00:00:00.31]   Discovered:  Kafka.Ksql.Linq.Tests.Integration
[xUnit.net 00:00:00.31]   Starting:    Kafka.Ksql.Linq.Tests.Integration
[xUnit.net 00:01:47.95]   Finished:    Kafka.Ksql.Linq.Tests.Integration
</StdOut>
    </Output>
  </ResultSummary>
</TestRun>