<?xml version="1.0" encoding="utf-8"?>
<TestRun id="56a37bd6-72aa-4bcc-a1c4-2e97213b9d4f" name="@sagesoho01 2025-09-14 10:19:09" xmlns="http://microsoft.com/schemas/VisualStudio/TeamTest/2010">
  <Times creation="2025-09-14T10:19:09.5148810+09:00" queuing="2025-09-14T10:19:09.5148811+09:00" start="2025-09-14T10:19:07.6998778+09:00" finish="2025-09-14T10:19:09.5235719+09:00" />
  <TestSettings name="default" id="20533254-d348-48bf-bb2c-05fc1182aa0b">
    <Deployment runDeploymentRoot="_sagesoho01_2025-09-14_10_19_09" />
  </TestSettings>
  <Results>
    <UnitTestResult executionId="d6a98364-08c2-4174-b670-98e941064730" testId="ca0b5a60-c12c-7358-befc-7025159d5031" testName="Kafka.Ksql.Linq.Tests.Query.Analysis.DerivationPlannerTests.Plan_1m_Includes_Live_Hb" computerName="sagesoho01" duration="00:00:00.0102919" startTime="2025-09-14T10:19:09.2897342+09:00" endTime="2025-09-14T10:19:09.2897617+09:00" testType="13cdc9d9-ddb5-4fa4-a97d-d965ccfc6d4b" outcome="Passed" testListId="8c84fa94-04c1-424b-9868-57a2d4851a1d" relativeResultsDirectory="d6a98364-08c2-4174-b670-98e941064730" />
    <UnitTestResult executionId="b9bce5da-e6ff-4f8a-96b6-5bf7359a62e4" testId="02642506-86b5-622b-5ff5-41e600e8b06c" testName="Kafka.Ksql.Linq.Tests.Query.Analysis.DerivedTumblingPipelineConcurrencyTests.RunAsync_registers_all_models_without_conflict" computerName="sagesoho01" duration="00:00:00.0881197" startTime="2025-09-14T10:19:09.3645324+09:00" endTime="2025-09-14T10:19:09.3645326+09:00" testType="13cdc9d9-ddb5-4fa4-a97d-d965ccfc6d4b" outcome="Passed" testListId="8c84fa94-04c1-424b-9868-57a2d4851a1d" relativeResultsDirectory="b9bce5da-e6ff-4f8a-96b6-5bf7359a62e4" />
    <UnitTestResult executionId="9b5c4c48-23e2-443c-a070-e0c0f9d9f5ff" testId="223d2f5b-17d6-73a1-1a46-511735a6d226" testName="Kafka.Ksql.Linq.Tests.Query.Analysis.DerivedTumblingPipelineOrderTests.Emits_DDL_in_expected_order" computerName="sagesoho01" duration="00:00:00.0768354" startTime="2025-09-14T10:19:09.3531086+09:00" endTime="2025-09-14T10:19:09.3531088+09:00" testType="13cdc9d9-ddb5-4fa4-a97d-d965ccfc6d4b" outcome="Passed" testListId="8c84fa94-04c1-424b-9868-57a2d4851a1d" relativeResultsDirectory="9b5c4c48-23e2-443c-a070-e0c0f9d9f5ff" />
  </Results>
  <TestDefinitions>
    <UnitTest name="Kafka.Ksql.Linq.Tests.Query.Analysis.DerivedTumblingPipelineOrderTests.Emits_DDL_in_expected_order" storage="/mnt/wsl/docker-desktop-bind-mounts/ubuntu/26713ee8003cb7bc282ce8244ea5001ccb92a1311fa1bee6e964f4a36321e42a/ubuntu/de963e6efae39b1e8a1abcd3e4621d6fc830ee851b48bb5c2718ffd0134d54eb/tests/bin/release/net8.0/kafka.ksql.linq.tests.dll" id="223d2f5b-17d6-73a1-1a46-511735a6d226">
      <Execution id="9b5c4c48-23e2-443c-a070-e0c0f9d9f5ff" />
      <TestMethod codeBase="/mnt/wsl/docker-desktop-bind-mounts/Ubuntu/26713ee8003cb7bc282ce8244ea5001ccb92a1311fa1bee6e964f4a36321e42a/Ubuntu/de963e6efae39b1e8a1abcd3e4621d6fc830ee851b48bb5c2718ffd0134d54eb/tests/bin/Release/net8.0/Kafka.Ksql.Linq.Tests.dll" adapterTypeName="executor://xunit/VsTestRunner2/netcoreapp" className="Kafka.Ksql.Linq.Tests.Query.Analysis.DerivedTumblingPipelineOrderTests" name="Emits_DDL_in_expected_order" />
    </UnitTest>
    <UnitTest name="Kafka.Ksql.Linq.Tests.Query.Analysis.DerivedTumblingPipelineConcurrencyTests.RunAsync_registers_all_models_without_conflict" storage="/mnt/wsl/docker-desktop-bind-mounts/ubuntu/26713ee8003cb7bc282ce8244ea5001ccb92a1311fa1bee6e964f4a36321e42a/ubuntu/de963e6efae39b1e8a1abcd3e4621d6fc830ee851b48bb5c2718ffd0134d54eb/tests/bin/release/net8.0/kafka.ksql.linq.tests.dll" id="02642506-86b5-622b-5ff5-41e600e8b06c">
      <Execution id="b9bce5da-e6ff-4f8a-96b6-5bf7359a62e4" />
      <TestMethod codeBase="/mnt/wsl/docker-desktop-bind-mounts/Ubuntu/26713ee8003cb7bc282ce8244ea5001ccb92a1311fa1bee6e964f4a36321e42a/Ubuntu/de963e6efae39b1e8a1abcd3e4621d6fc830ee851b48bb5c2718ffd0134d54eb/tests/bin/Release/net8.0/Kafka.Ksql.Linq.Tests.dll" adapterTypeName="executor://xunit/VsTestRunner2/netcoreapp" className="Kafka.Ksql.Linq.Tests.Query.Analysis.DerivedTumblingPipelineConcurrencyTests" name="RunAsync_registers_all_models_without_conflict" />
    </UnitTest>
    <UnitTest name="Kafka.Ksql.Linq.Tests.Query.Analysis.DerivationPlannerTests.Plan_1m_Includes_Live_Hb" storage="/mnt/wsl/docker-desktop-bind-mounts/ubuntu/26713ee8003cb7bc282ce8244ea5001ccb92a1311fa1bee6e964f4a36321e42a/ubuntu/de963e6efae39b1e8a1abcd3e4621d6fc830ee851b48bb5c2718ffd0134d54eb/tests/bin/release/net8.0/kafka.ksql.linq.tests.dll" id="ca0b5a60-c12c-7358-befc-7025159d5031">
      <Execution id="d6a98364-08c2-4174-b670-98e941064730" />
      <TestMethod codeBase="/mnt/wsl/docker-desktop-bind-mounts/Ubuntu/26713ee8003cb7bc282ce8244ea5001ccb92a1311fa1bee6e964f4a36321e42a/Ubuntu/de963e6efae39b1e8a1abcd3e4621d6fc830ee851b48bb5c2718ffd0134d54eb/tests/bin/Release/net8.0/Kafka.Ksql.Linq.Tests.dll" adapterTypeName="executor://xunit/VsTestRunner2/netcoreapp" className="Kafka.Ksql.Linq.Tests.Query.Analysis.DerivationPlannerTests" name="Plan_1m_Includes_Live_Hb" />
    </UnitTest>
  </TestDefinitions>
  <TestEntries>
    <TestEntry testId="ca0b5a60-c12c-7358-befc-7025159d5031" executionId="d6a98364-08c2-4174-b670-98e941064730" testListId="8c84fa94-04c1-424b-9868-57a2d4851a1d" />
    <TestEntry testId="02642506-86b5-622b-5ff5-41e600e8b06c" executionId="b9bce5da-e6ff-4f8a-96b6-5bf7359a62e4" testListId="8c84fa94-04c1-424b-9868-57a2d4851a1d" />
    <TestEntry testId="223d2f5b-17d6-73a1-1a46-511735a6d226" executionId="9b5c4c48-23e2-443c-a070-e0c0f9d9f5ff" testListId="8c84fa94-04c1-424b-9868-57a2d4851a1d" />
  </TestEntries>
  <TestLists>
    <TestList name="Results Not in a List" id="8c84fa94-04c1-424b-9868-57a2d4851a1d" />
    <TestList name="All Loaded Results" id="19431567-8539-422a-85d7-44ee4e166bda" />
  </TestLists>
  <ResultSummary outcome="Completed">
    <Counters total="3" executed="3" passed="3" failed="0" error="0" timeout="0" aborted="0" inconclusive="0" passedButRunAborted="0" notRunnable="0" notExecuted="0" disconnected="0" warning="0" completed="0" inProgress="0" pending="0" />
    <Output>
      <StdOut>[xUnit.net 00:00:00.00] xUnit.net VSTest Adapter v2.4.5+1caef2f33e (64-bit .NET 8.0.19)
[xUnit.net 00:00:00.84]   Discovering: Kafka.Ksql.Linq.Tests
[xUnit.net 00:00:00.95]   Discovered:  Kafka.Ksql.Linq.Tests
[xUnit.net 00:00:00.95]   Starting:    Kafka.Ksql.Linq.Tests
[xUnit.net 00:00:01.11]   Finished:    Kafka.Ksql.Linq.Tests
</StdOut>
    </Output>
  </ResultSummary>
</TestRun>