<?xml version="1.0" encoding="utf-8"?>
<TestRun id="e1a3c332-5398-4b7a-af7c-3644e1979a97" name="@sagesoho01 2025-09-15 08:39:50" xmlns="http://microsoft.com/schemas/VisualStudio/TeamTest/2010">
  <Times creation="2025-09-15T08:39:50.1613593+09:00" queuing="2025-09-15T08:39:50.1613594+09:00" start="2025-09-15T08:39:48.5540614+09:00" finish="2025-09-15T08:39:50.1623779+09:00" />
  <TestSettings name="default" id="df0c861c-bf7d-43e8-b715-8d12b6b0fb53">
    <Deployment runDeploymentRoot="_sagesoho01_2025-09-15_08_39_50" />
  </TestSettings>
  <TestLists>
    <TestList name="Results Not in a List" id="8c84fa94-04c1-424b-9868-57a2d4851a1d" />
    <TestList name="All Loaded Results" id="19431567-8539-422a-85d7-44ee4e166bda" />
  </TestLists>
  <ResultSummary outcome="Completed">
    <Counters total="0" executed="0" passed="0" failed="0" error="0" timeout="0" aborted="0" inconclusive="0" passedButRunAborted="0" notRunnable="0" notExecuted="0" disconnected="0" warning="0" completed="0" inProgress="0" pending="0" />
    <Output>
      <StdOut>[xUnit.net 00:00:00.00] xUnit.net VSTest Adapter v2.4.5+1caef2f33e (64-bit .NET 8.0.19)
[xUnit.net 00:00:00.79]   Discovering: Kafka.Ksql.Linq.Tests
[xUnit.net 00:00:00.91]   Discovered:  Kafka.Ksql.Linq.Tests
[xUnit.net 00:00:00.91]   Starting:    Kafka.Ksql.Linq.Tests
[xUnit.net 00:00:00.94]   Finished:    Kafka.Ksql.Linq.Tests
</StdOut>
    </Output>
    <RunInfos>
      <RunInfo computerName="sagesoho01" outcome="Warning" timestamp="2025-09-15T08:39:50.0286921+09:00">
        <Text>No test matches the given testcase filter `FullyQualifiedName~Kafka.Ksql.Linq.Tests.Query.Ddl.DdlTimestampAndOneSecondDependencyTests` in /mnt/wsl/docker-desktop-bind-mounts/Ubuntu/26713ee8003cb7bc282ce8244ea5001ccb92a1311fa1bee6e964f4a36321e42a/Ubuntu/de963e6efae39b1e8a1abcd3e4621d6fc830ee851b48bb5c2718ffd0134d54eb/tests/bin/Release/net8.0/Kafka.Ksql.Linq.Tests.dll</Text>
      </RunInfo>
    </RunInfos>
  </ResultSummary>
</TestRun>